2to3
argparse
argparse_subparsers
async_generators
async_tree
async_tree_cpu_io_mixed
async_tree_io
async_tree_memoization
async_tree_eager
async_tree_eager_cpu_io_mixed
async_tree_eager_io
async_tree_eager_memoization
async_tree_tg
async_tree_cpu_io_mixed_tg
async_tree_io_tg
async_tree_memoization_tg
async_tree_eager_tg
async_tree_eager_cpu_io_mixed_tg
async_tree_eager_io_tg
async_tree_eager_memoization_tg
asyncio_tcp
asyncio_tcp_ssl
asyncio_websockets
base64
bpe_tokeniser
concurrent_imap
coroutines
coverage
gc_traversal
gc_collect
generators
chameleon
chaos
comprehensions
crypto_pyaes
dask
deepcopy
deltablue
django_template
dulwich_log
docutils
fannkuch
fastapi
float
genshi
go
hexiom
html5lib
json_dumps
json_loads
logging
mako
mdp
meteor_contest
networkx
networkx_connected_components
networkx_k_core
nbody
nqueens
pathlib
pickle
pickle_dict
pickle_list
pickle_pure_python
pidigits
pprint
pyflate
python_startup
python_startup_no_site
raytrace
regex_compile
regex_dna
regex_effbot
regex_v8
richards
richards_super
scimark
spectral_norm
sphinx
sqlalchemy_declarative
sqlalchemy_imperative
sqlglot_v2
sqlglot_v2_parse
sqlglot_v2_transpile
sqlglot_v2_optimize
sqlite_synth
sympy
telco
tomli_loads
tornado_http
typing_runtime_protocols
unpack_sequence
unpickle
unpickle_list
unpickle_pure_python
xdsl
xml_etree
